<html>
<body>
<pre>
<h1>µVision Build Log</h1>
<h2>Tool Versions:</h2>
IDE-Version: ¦ÌVision V5.34.0.0
Copyright (C) 2021 ARM Ltd and ARM Germany GmbH. All rights reserved.
License Information: 11 11, 11, LIC=X96CK-Z1E1B-GKNBG-VZ4GT-YRS71-MIXP6
 
Tool Versions:
Toolchain:       MDK-ARM Plus  Version: 5.34.0.0
Toolchain Path:  D:\Keil_v5\ARM\ARMCC\Bin
C Compiler:      Armcc.exe V5.06 update 7 (build 960)
Assembler:       Armasm.exe V5.06 update 7 (build 960)
Linker/Locator:  ArmLink.exe V5.06 update 7 (build 960)
Library Manager: ArmAr.exe V5.06 update 7 (build 960)
Hex Converter:   FromElf.exe V5.06 update 7 (build 960)
CPU DLL:         SARMCM3.DLL V5.34.0.0
Dialog DLL:      DCM.DLL V1.17.3.0
Target DLL:      STLink\ST-LINKIII-KEIL_SWO.dll V3.0.8.0
Dialog DLL:      TCM.DLL V1.48.0.0
 
<h2>Project:</h2>
C:\Users\Lenovo\Desktop\×ËÌ¬½âËã\³¬¼¶ÎÞµÐÅ£±Æ\MiniFly\MDK-ARM\MiniFly.uvprojx
Project File Date:  07/16/2025

<h2>Output:</h2>
*** Using Compiler 'V5.06 update 7 (build 960)', folder: 'D:\Keil_v5\ARM\ARMCC\Bin'
Rebuild target 'MiniFly'
assembling startup_stm32f103xb.s...
compiling stm32f1xx_it.c...
compiling stm32f1xx_hal_gpio_ex.c...
compiling tim.c...
compiling stm32f1xx_hal.c...
compiling stm32f1xx_hal_msp.c...
compiling i2c.c...
compiling main.c...
..\HARDWARE\mpu6050.h(102): warning:  #1-D: last line of file ends without a newline
  #endif
..\MATH\alldata.h(86): warning:  #1-D: last line of file ends without a newline
  #endif
..\MATH\imu.h(11): warning:  #1-D: last line of file ends without a newline
  #endif
..\HARDWARE\comm.h(6): warning:  #1295-D: Deprecated declaration Send_ANOTC - give arg types
  void Send_ANOTC();
..\HARDWARE\comm.h(8): warning:  #1-D: last line of file ends without a newline
  #endif
../Core/Src/main.c: 5 warnings, 0 errors
compiling gpio.c...
compiling stm32f1xx_hal_rcc.c...
compiling stm32f1xx_hal_rcc_ex.c...
compiling usart.c...
compiling stm32f1xx_hal_gpio.c...
compiling stm32f1xx_hal_cortex.c...
compiling stm32f1xx_hal_dma.c...
compiling stm32f1xx_hal_i2c.c...
compiling stm32f1xx_hal_pwr.c...
compiling init.c...
..\HARDWARE\init.h(6): warning:  #1-D: last line of file ends without a newline
  #endif
..\MATH\alldata.h(86): warning:  #1-D: last line of file ends without a newline
  #endif
..\HARDWARE\init.c(117): warning:  #1-D: last line of file ends without a newline
  }
..\HARDWARE\init.c: 3 warnings, 0 errors
compiling stm32f1xx_hal_flash.c...
compiling pid.c...
..\MATH\pid.h(15): warning:  #1-D: last line of file ends without a newline
  #endif
..\MATH\pid.c: 1 warning, 0 errors
compiling kalman.c...
..\MATH\kalman.h(16): warning:  #1-D: last line of file ends without a newline
  #endif
..\MATH\kalman.c(10): warning:  #1-D: last line of file ends without a newline
  }
..\MATH\kalman.c: 2 warnings, 0 errors
compiling stm32f1xx_hal_flash_ex.c...
compiling stm32f1xx_hal_exti.c...
compiling system_stm32f1xx.c...
compiling comm.c...
..\HARDWARE\comm.h(6): warning:  #1295-D: Deprecated declaration Send_ANOTC - give arg types
  void Send_ANOTC();
..\HARDWARE\comm.h(8): warning:  #1-D: last line of file ends without a newline
  #endif
..\MATH\alldata.h(86): warning:  #1-D: last line of file ends without a newline
  #endif
..\HARDWARE\comm.c(35): warning:  #167-D: argument of type "int8_t *" is incompatible with parameter of type "const uint8_t *"
  	HAL_UART_Transmit(&huart1,pt,len+5,0xFFFF);
..\HARDWARE\comm.c(36): warning:  #1-D: last line of file ends without a newline
  }
..\HARDWARE\comm.c: 5 warnings, 0 errors
compiling mpu6050.c...
..\HARDWARE\mpu6050.h(102): warning:  #1-D: last line of file ends without a newline
  #endif
..\MATH\alldata.h(86): warning:  #1-D: last line of file ends without a newline
  #endif
..\MATH\kalman.h(16): warning:  #1-D: last line of file ends without a newline
  #endif
..\HARDWARE\mpu6050.c(217): warning:  #1-D: last line of file ends without a newline
  }
..\HARDWARE\mpu6050.c: 4 warnings, 0 errors
compiling stm32f1xx_hal_tim_ex.c...
compiling imu.c...
..\MATH\alldata.h(86): warning:  #1-D: last line of file ends without a newline
  #endif
..\MATH\imu.h(11): warning:  #1-D: last line of file ends without a newline
  #endif
..\HARDWARE\mpu6050.h(102): warning:  #1-D: last line of file ends without a newline
  #endif
..\MATH\imu.c(123): warning:  #1-D: last line of file ends without a newline
  }
..\MATH\imu.c: 4 warnings, 0 errors
compiling stm32f1xx_hal_uart.c...
compiling stm32f1xx_hal_tim.c...
linking...
Program Size: Code=14296 RO-data=552 RW-data=132 ZI-data=1300  
FromELF: creating hex file...
"MiniFly\MiniFly.axf" - 0 Error(s), 24 Warning(s).

<h2>Software Packages used:</h2>

Package Vendor: ARM
                http://www.keil.com/pack/ARM.CMSIS.5.7.0.pack
                ARM.CMSIS.5.7.0
                CMSIS (Cortex Microcontroller Software Interface Standard)
   * Component: CORE Version: 5.4.0

Package Vendor: Keil
                https://www.keil.com/pack/Keil.STM32F1xx_DFP.2.4.1.pack
                Keil.STM32F1xx_DFP.2.4.1
                STMicroelectronics STM32F1 Series Device Support, Drivers and Examples

<h2>Collection of Component include folders:</h2>
  .\RTE\_MiniFly
  D:\Keil_v5\Packs\ARM\CMSIS\5.7.0\CMSIS\Core\Include
  D:\Keil_v5\Packs\Keil\STM32F1xx_DFP\2.4.1\Device\Include

<h2>Collection of Component Files used:</h2>

   * Component: ARM::CMSIS:CORE:5.4.0
      Include file:  CMSIS\Core\Include\tz_context.h
Build Time Elapsed:  00:00:06
</pre>
</body>
</html>
